---
source: crates/oxidiris/src/snapshots.rs
expression: "style_grid(&a, 80, 24)"
---
................................................................................
................................................................................
................................................................................
................................................................................
.....................................................rrrrr......................
................................................................................
................................................................................
................................................................................
................................................................................
....................A...........................................................
................................................................................
................................................................................
................................................................................
................................................................................
................................................................................
................................................................................
................................................................................
................................................................................
................................................................................
................................................................................
................................................................................
................................................................................
................................................................................
................................................................................
