---
source: crates/oxidiris/src/snapshots.rs
expression: "text_grid(&a, 60, 20)"
---
┌ oxidiris.md ─────────────────────────────────────────────┐
│                                                          │
│      ┌ Outline  ·  [Enter] jump ─────────────────┐       │
│      │▸ Oxidiris                                 │       │
│      │    Keys                                   │       │
│      │    Limits                                 │       │
│      │                                           │       │
│      │                                           │       │
│      │                                           │       │
│      │                                           │       │
│      │                                           │       │
│      │                                           │       │
│      │                                           │       │
│      │                                           │       │
│      │                                           │       │
└──────│                                           │───────┘
┌──────│                                           │───────┐
│speed:└───────────────────────────────────────────┘2 (22%)│
│OUTLINE   [J / Down] scroll   [Tab] back   [?] help   [q] │
└──────────────────────────────────────────────────────────┘
