---
source: crates/oxidiris/src/snapshots.rs
expression: "text_grid(&a, 80, 24)"
---
┌ oxidiris.md ─────────────────────────────────────────────────────────────────┐
│                                                                              │
│                                                                              │
│                                                                              │
│                                                                              │
│                                                                              │
│                                                                              │
│                                                                              │
│                                       ▼                                      │
│                                      needs                                   │
│                                       ▲                                      │
│                                                                              │
│                                                                              │
│                                                                              │
│                                                                              │
│                                                                              │
│                                                                              │
│                                                                              │
│                                                                              │
└──────────────────────────────────────────────────────────────────────────────┘
┌──────────────────────────────────────────────────────────────────────────────┐
│speed: 300 WPM (eff. 210)                                    word: 10/42 (22%)│
│[Space] play   [K / Up] speed   [H / Left] seek   [?] help   [q] quit  ██░░░░░│
└──────────────────────────────────────────────────────────────────────────────┘
