---
source: crates/oxidiris/src/snapshots.rs
expression: "text_grid(&a, 200, 50)"
---
┌ oxidiris.md ─────────────────────────────────────────────────────────────────────────────────────┐┌ Text  ·  [Tab] to scroll ────────────────────────────────────────────────────────────────────────┐
│                                                                                                  ││# Oxidiris                                                                                        │
│                                                                                                  ││                                                                                                  │
│                                                                                                  ││Reading at speed without moving your eyes, which needs a paragraph long enough to wrap.           │
│                                                                                                  ││                                                                                                  │
│                                                                                                  ││## Keys                                                                                           │
│                                                                                                  ││                                                                                                  │
│                                                                                                  ││- Space plays and pauses                                                                          │
│                                                                                                  ││- Tab focuses the text panel                                                                      │
│                                                                                                  ││                                                                                                  │
│                                                                                                  ││```rust                                                                                           │
│                                                                                                  ││let anchor = width / 2;                                                                           │
│                                                                                                  ││```                                                                                               │
│                                                                                                  ││                                                                                                  │
│                                                                                                  ││## Limits                                                                                         │
│                                                                                                  ││                                                                                                  │
│                                                                                                  ││Skimming and triage, not a replacement for careful reading.                                       │
│                                                                                                  ││                                                                                                  │
│                                                                                                  ││                                                                                                  │
│                                                                                                  ││                                                                                                  │
│                                                                                                  ││                                                                                                  │
│                                                 ▼                                                ││                                                                                                  │
│                                                needs                                             ││                                                                                                  │
│                                                 ▲                                                ││                                                                                                  │
│                                                                                                  ││                                                                                                  │
│                                                                                                  ││                                                                                                  │
│                                                                                                  ││                                                                                                  │
│                                                                                                  ││                                                                                                  │
│                                                                                                  ││                                                                                                  │
│                                                                                                  ││                                                                                                  │
│                                                                                                  ││                                                                                                  │
│                                                                                                  ││                                                                                                  │
│                                                                                                  ││                                                                                                  │
│                                                                                                  ││                                                                                                  │
│                                                                                                  ││                                                                                                  │
│                                                                                                  ││                                                                                                  │
│                                                                                                  ││                                                                                                  │
│                                                                                                  ││                                                                                                  │
│                                                                                                  ││                                                                                                  │
│                                                                                                  ││                                                                                                  │
│                                                                                                  ││                                                                                                  │
│                                                                                                  ││                                                                                                  │
│                                                                                                  ││                                                                                                  │
│                                                                                                  ││                                                                                                  │
│                                                                                                  ││                                                                                                  │
└──────────────────────────────────────────────────────────────────────────────────────────────────┘└──────────────────────────────────────────────────────────────────────────────────────────────────┘
┌──────────────────────────────────────────────────────────────────────────────────────────────────────────────────────────────────────────────────────────────────────────────────────────────────────┐
│speed: 300 WPM (eff. 210)                                                                                                                                                            word: 10/42 (22%)│
│[Space] play   [K / Up] speed   [H / Left] seek   [?] help   [q] quit  ████████████████████████████░░░░░░░░░░░░░░░░░░░░░░░░░░░░░░░░░░░░░░░░░░░░░░░░░░░░░░░░░░░░░░░░░░░░░░░░░░░░░░░░░░░░░░░░░░░░░░░░░░░│
└──────────────────────────────────────────────────────────────────────────────────────────────────────────────────────────────────────────────────────────────────────────────────────────────────────┘
